<html>
<body>
<pre>
<h1>µVision Build Log</h1>
<h2>Project:</h2>
E:\koleya\Second Semester\Embedded\labs\Project\Project.uvproj
Project File Date:  05/01/2023

<h2>Output:</h2>
Rebuild target 'Target 1'
assembling startup_TM4C123.s...
compiling GPIO.c...
bit_utilies.h(13): warning:  #1-D: last line of file ends without a newline
  #endif
GPIO.c: 1 warning, 0 errors
compiling UART.c...
bit_utilies.h(13): warning:  #1-D: last line of file ends without a newline
  #endif
UART.h(3): warning:  #1295-D: Deprecated declaration UART_Init - give arg types
  void UART_Init();     
UART.h(5): warning:  #1295-D: Deprecated declaration GPS_read - give arg types
  void GPS_read();
UART.h(6): warning:  #1295-D: Deprecated declaration GPS_format - give arg types
  void GPS_format();
UART.h(9): warning:  #1-D: last line of file ends without a newline
  float GPS_getDistance(float currentLong, float currentLat , float destLong,float destLat);
UART.c: 5 warnings, 0 errors
compiling main.c...
bit_utilies.h(13): warning:  #1-D: last line of file ends without a newline
  #endif
UART.h(3): warning:  #1295-D: Deprecated declaration UART_Init - give arg types
  void UART_Init();     
UART.h(5): warning:  #1295-D: Deprecated declaration GPS_read - give arg types
  void GPS_read();
UART.h(6): warning:  #1295-D: Deprecated declaration GPS_format - give arg types
  void GPS_format();
UART.h(9): warning:  #1-D: last line of file ends without a newline
  float GPS_getDistance(float currentLong, float currentLat , float destLong,float destLat);
main.c(14): warning:  #1-D: last line of file ends without a newline
  }
main.c: 6 warnings, 0 errors
linking...
Program Size: Code=532 RO-data=636 RW-data=0 ZI-data=608  
".\Project.axf" - 0 Error(s), 12 Warning(s).
Load "E:\\koleya\\Second Semester\\Embedded\\labs\\Project\\Project.axf" 
Connecting: Mode=JTAG, Speed=1000000Hz
Erase Done.
Programming Done.
Verify OK.
</pre>
</body>
</html>
emester\\Embedded\\labs\\Project\\Project.axf" 
Connecting: Mode=JTAG, Speed=1000000Hz
Erase Done.
Programming Done.
Verify OK.
